V3 3
FL C:/Users/RAHUL/vhdl_projects/Water_level_indicator/water_level_indicator.vhd 2016/03/29.21:27:54 P.58f
EN work/water_level_indicator 1459428101 \
      FL C:/Users/RAHUL/vhdl_projects/Water_level_indicator/water_level_indicator.vhd \
      PB ieee/std_logic_1164 1364358218
AR work/water_level_indicator/Behavioral 1459428102 \
      FL C:/Users/RAHUL/vhdl_projects/Water_level_indicator/water_level_indicator.vhd \
      EN work/water_level_indicator 1459428101
